******************************************************************************
                  TI ARM Linker Unix v18.12.1                  
******************************************************************************
>> Linked Tue Jun 18 11:28:23 2019

OUTPUT FILE NAME:   <LCD Interfacing.out>
ENTRY POINT SYMBOL: "_c_int00_noinit_noargs"  address: 00000521


MEMORY CONFIGURATION

         name            origin    length      used     unused   attr    fill
----------------------  --------  ---------  --------  --------  ----  --------
  FLASH                 00000000   00040000  000005dc  0003fa24  R  X
  SRAM                  20000000   00008000  00000200  00007e00  RW X


SEGMENT ALLOCATION MAP

run origin  load origin   length   init length attrs members
----------  ----------- ---------- ----------- ----- -------
00000000    00000000    000005dc   000005dc    r-x
  00000000    00000000    0000026c   0000026c    r-- .intvecs
  0000026c    0000026c    00000370   00000370    r-x .text
20000000    20000000    00000200   00000000    rw-
  20000000    20000000    00000200   00000000    rw- .stack


SECTION ALLOCATION MAP

 output                                  attributes/
section   page    origin      length       input sections
--------  ----  ----------  ----------   ----------------
.intvecs   0    00000000    0000026c     
                  00000000    0000026c     tm4c123gh6pm_startup_ccs.obj (.intvecs)

.text      0    0000026c    00000370     
                  0000026c    00000180     lcdlib1.obj (.text)
                  000003ec    00000132     driverlib.lib : gpio.obj (.text:GPIOPadConfigSet)
                  0000051e    00000002     --HOLE-- [fill = 0]
                  00000520    0000002c     rtsv7M4_T_le_v4SPD16_eabi.lib : boot_cortex_m.c.obj (.text:_c_int00_noinit_noargs:_c_int00_noinit_noargs)
                  0000054c    0000002a     driverlib.lib : gpio.obj (.text:GPIODirModeSet)
                  00000576    00000018                   : gpio.obj (.text:GPIOPinTypeGPIOOutput)
                  0000058e    00000002     --HOLE-- [fill = 0]
                  00000590    00000018     main.obj (.text)
                  000005a8    00000014     rtsv7M4_T_le_v4SPD16_eabi.lib : strlen.c.obj (.text:strlen)
                  000005bc    0000000c     tm4c123gh6pm_startup_ccs.obj (.text)
                  000005c8    00000006     driverlib.lib : gpio.obj (.text:GPIOPinWrite)
                  000005ce    00000006                   : sysctl.obj (.text:SysCtlDelay)
                  000005d4    00000004     rtsv7M4_T_le_v4SPD16_eabi.lib : pre_init.c.obj (.text:_system_pre_init)
                  000005d8    00000004                                   : exit.c.obj (.text:abort:abort)

.cinit     0    00000000    00000000     UNINITIALIZED

.init_array 
*          0    00000000    00000000     UNINITIALIZED

.stack     0    20000000    00000200     UNINITIALIZED
                  20000000    00000004     rtsv7M4_T_le_v4SPD16_eabi.lib : boot_cortex_m.c.obj (.stack)
                  20000004    000001fc     --HOLE--

MODULE SUMMARY

       Module                         code   ro data   rw data
       ------                         ----   -------   -------
    ./
       tm4c123gh6pm_startup_ccs.obj   12     620       0      
       lcdlib1.obj                    384    0         0      
       main.obj                       24     0         0      
    +--+------------------------------+------+---------+---------+
       Total:                         420    620       0      
                                                              
    ../driverlib.lib
       gpio.obj                       378    0         0      
       sysctl.obj                     6      0         0      
    +--+------------------------------+------+---------+---------+
       Total:                         384    0         0      
                                                              
    /Applications/ti/ccs901/ccs/tools/compiler/ti-cgt-arm_18.12.1.LTS/lib/rtsv7M4_T_le_v4SPD16_eabi.lib
       boot_cortex_m.c.obj            44     0         0      
       strlen.c.obj                   20     0         0      
       exit.c.obj                     4      0         0      
       pre_init.c.obj                 4      0         0      
    +--+------------------------------+------+---------+---------+
       Total:                         72     0         0      
                                                              
       Stack:                         0      0         512    
    +--+------------------------------+------+---------+---------+
       Grand Total:                   876    620       512    


GLOBAL SYMBOLS: SORTED ALPHABETICALLY BY Name 

address   name                  
-------   ----                  
000005d9  C$$EXIT               
0000054d  GPIODirModeSet        
000003ed  GPIOPadConfigSet      
00000577  GPIOPinTypeGPIOOutput 
000005c9  GPIOPinWrite          
000005bd  ResetISR              
000005cf  SysCtlDelay           
20000200  __STACK_END           
00000200  __STACK_SIZE          
20000200  __STACK_TOP           
ffffffff  __TI_pprof_out_hndl   
ffffffff  __TI_prof_data_size   
ffffffff  __TI_prof_data_start  
00000000  __TI_static_base__    
ffffffff  __binit__             
ffffffff  __c_args__            
UNDEFED   __mpu_init            
20000000  __stack               
00000521  _c_int00_noinit_noargs
000005d5  _system_pre_init      
000005d9  abort                 
ffffffff  binit                 
00000000  g_pfnVectors          
0000026d  lcdInit               
000003cb  lcdTriggerEn          
0000029b  lcdWriteCmd           
000002db  lcdWriteData          
0000034d  lcdWriteInt           
0000031b  lcdWriteString        
00000591  main                  
000005a9  strlen                


GLOBAL SYMBOLS: SORTED BY Symbol Address 

address   name                  
-------   ----                  
00000000  __TI_static_base__    
00000000  g_pfnVectors          
00000200  __STACK_SIZE          
0000026d  lcdInit               
0000029b  lcdWriteCmd           
000002db  lcdWriteData          
0000031b  lcdWriteString        
0000034d  lcdWriteInt           
000003cb  lcdTriggerEn          
000003ed  GPIOPadConfigSet      
00000521  _c_int00_noinit_noargs
0000054d  GPIODirModeSet        
00000577  GPIOPinTypeGPIOOutput 
00000591  main                  
000005a9  strlen                
000005bd  ResetISR              
000005c9  GPIOPinWrite          
000005cf  SysCtlDelay           
000005d5  _system_pre_init      
000005d9  C$$EXIT               
000005d9  abort                 
20000000  __stack               
20000200  __STACK_END           
20000200  __STACK_TOP           
ffffffff  __TI_pprof_out_hndl   
ffffffff  __TI_prof_data_size   
ffffffff  __TI_prof_data_start  
ffffffff  __binit__             
ffffffff  __c_args__            
ffffffff  binit                 
UNDEFED   __mpu_init            

[31 symbols]
